Port 5173 is in use, trying another one...

  [32m[1mVITE[22m v6.4.2[39m  [2mready in [0m[1m389[22m[2m[0m ms[22m

  [32m➜[39m  [1mLocal[22m:   [36mhttp://127.0.0.1:[1m5174[22m/[39m
[2m10:25:52 PM[22m [36m[1m[vite][22m[39m [32m.env changed, restarting server...[39m
[2m10:25:52 PM[22m [36m[1m[vite][22m[39m server restarted.
[2m10:25:52 PM[22m [36m[1m[vite][22m[39m [32m.env changed, restarting server...[39m
[2m10:25:53 PM[22m [36m[1m[vite][22m[39m server restarted.
[2m10:25:53 PM[22m [36m[1m[vite][22m[39m [32m.env changed, restarting server...[39m
[2m10:25:53 PM[22m [36m[1m[vite][22m[39m server restarted.
[2m10:25:53 PM[22m [36m[1m[vite][22m[39m [32m.env changed, restarting server...[39m
[2m10:25:53 PM[22m [36m[1m[vite][22m[39m server restarted.
[2m10:25:54 PM[22m [36m[1m[vite][22m[39m [32m.env changed, restarting server...[39m
[2m10:25:54 PM[22m [36m[1m[vite][22m[39m server restarted.
[2m10:25:54 PM[22m [36m[1m[vite][22m[39m [32m.env changed, restarting server...[39m
[2m10:25:54 PM[22m [36m[1m[vite][22m[39m server restarted.
[2m10:25:54 PM[22m [36m[1m[vite][22m[39m [32m.env changed, restarting server...[39m
[2m10:25:54 PM[22m [36m[1m[vite][22m[39m server restarted.
[2m10:26:11 PM[22m [36m[1m[vite][22m[39m [32m.env changed, restarting server...[39m
[2m10:26:12 PM[22m [36m[1m[vite][22m[39m server restarted.
[2m10:26:12 PM[22m [36m[1m[vite][22m[39m [32m.env changed, restarting server...[39m
[2m10:26:12 PM[22m [36m[1m[vite][22m[39m server restarted.
[2m10:26:27 PM[22m [36m[1m[vite][22m[39m [32m.env changed, restarting server...[39m
[2m10:26:27 PM[22m [36m[1m[vite][22m[39m server restarted.
[2m10:26:32 PM[22m [36m[1m[vite][22m[39m [32m.env changed, restarting server...[39m
[2m10:26:32 PM[22m [36m[1m[vite][22m[39m server restarted.
[2m10:26:32 PM[22m [36m[1m[vite][22m[39m [32m.env changed, restarting server...[39m
[2m10:26:32 PM[22m [36m[1m[vite][22m[39m server restarted.
[2m10:26:32 PM[22m [36m[1m[vite][22m[39m [32m.env changed, restarting server...[39m
[2m10:26:32 PM[22m [36m[1m[vite][22m[39m server restarted.
[2m10:26:33 PM[22m [36m[1m[vite][22m[39m [32m.env changed, restarting server...[39m
[2m10:26:33 PM[22m [36m[1m[vite][22m[39m server restarted.
[2m10:26:33 PM[22m [36m[1m[vite][22m[39m [32m.env changed, restarting server...[39m
[2m10:26:33 PM[22m [36m[1m[vite][22m[39m server restarted.
